MPLINK 5.09, LINKER
Linker Map File - Created Sat Apr 22 21:36:10 2023

                                 Section Info
                  Section       Type    Address   Location Size(Bytes)
                ---------  ---------  ---------  ---------  ---------
                     ZERO       code   0x000000    program   0x000004
                   .cinit    romdata   0x000004    program   0x000002
                     PROG       code   0x000006    program   0x000152
.config_300001_BUILD/DEFAULT/PRODUCTION/MAIN.O    romdata   0x300001    program   0x000001
.config_300002_BUILD/DEFAULT/PRODUCTION/MAIN.O    romdata   0x300002    program   0x000001
.config_300003_BUILD/DEFAULT/PRODUCTION/MAIN.O    romdata   0x300003    program   0x000001
.config_300005_BUILD/DEFAULT/PRODUCTION/MAIN.O    romdata   0x300005    program   0x000001
.config_300006_BUILD/DEFAULT/PRODUCTION/MAIN.O    romdata   0x300006    program   0x000001
.config_300008_BUILD/DEFAULT/PRODUCTION/MAIN.O    romdata   0x300008    program   0x000001
.config_300009_BUILD/DEFAULT/PRODUCTION/MAIN.O    romdata   0x300009    program   0x000001
.config_30000A_BUILD/DEFAULT/PRODUCTION/MAIN.O    romdata   0x30000a    program   0x000001
.config_30000B_BUILD/DEFAULT/PRODUCTION/MAIN.O    romdata   0x30000b    program   0x000001
.config_30000C_BUILD/DEFAULT/PRODUCTION/MAIN.O    romdata   0x30000c    program   0x000001
.config_30000D_BUILD/DEFAULT/PRODUCTION/MAIN.O    romdata   0x30000d    program   0x000001



                              Program Memory Usage 
                               Start         End      
                           ---------   ---------      
                            0x000000    0x000157      
                            0x300001    0x300003      
                            0x300005    0x300006      
                            0x300008    0x30000d      
            355 out of 33048 program addresses used, program memory utilization is 1%



                              Symbols - Sorted by Name
                     Name    Address   Location    Storage File                     
                ---------  ---------  ---------  --------- ---------                
              CHECK_SPEED   0x000034    program     static C:\Users\xadam\Documents\uni-stuff\business-intelligence\stepper.X\main.asm
               CHECK_STOP   0x000024    program     static C:\Users\xadam\Documents\uni-stuff\business-intelligence\stepper.X\main.asm
                  CZEKAJ1   0x000012    program     static C:\Users\xadam\Documents\uni-stuff\business-intelligence\stepper.X\main.asm
                  CZEKAJ2   0x000018    program     static C:\Users\xadam\Documents\uni-stuff\business-intelligence\stepper.X\main.asm
              CZEKAJ_FAST   0x00000c    program     static C:\Users\xadam\Documents\uni-stuff\business-intelligence\stepper.X\main.asm
              CZEKAJ_SLOW   0x000006    program     static C:\Users\xadam\Documents\uni-stuff\business-intelligence\stepper.X\main.asm
                   FASTER   0x000048    program     static C:\Users\xadam\Documents\uni-stuff\business-intelligence\stepper.X\main.asm
          PETLA_DO_PRZODU   0x00004e    program     static C:\Users\xadam\Documents\uni-stuff\business-intelligence\stepper.X\main.asm
            PETLA_DO_TYLU   0x0000ca    program     static C:\Users\xadam\Documents\uni-stuff\business-intelligence\stepper.X\main.asm
                   SLOWER   0x000042    program     static C:\Users\xadam\Documents\uni-stuff\business-intelligence\stepper.X\main.asm
                    START   0x00014a    program     static C:\Users\xadam\Documents\uni-stuff\business-intelligence\stepper.X\main.asm
              WAIT_RESUME   0x00002c    program     static C:\Users\xadam\Documents\uni-stuff\business-intelligence\stepper.X\main.asm



                              Symbols - Sorted by Address
                     Name    Address   Location    Storage File                     
                ---------  ---------  ---------  --------- ---------                
              CZEKAJ_SLOW   0x000006    program     static C:\Users\xadam\Documents\uni-stuff\business-intelligence\stepper.X\main.asm
              CZEKAJ_FAST   0x00000c    program     static C:\Users\xadam\Documents\uni-stuff\business-intelligence\stepper.X\main.asm
                  CZEKAJ1   0x000012    program     static C:\Users\xadam\Documents\uni-stuff\business-intelligence\stepper.X\main.asm
                  CZEKAJ2   0x000018    program     static C:\Users\xadam\Documents\uni-stuff\business-intelligence\stepper.X\main.asm
               CHECK_STOP   0x000024    program     static C:\Users\xadam\Documents\uni-stuff\business-intelligence\stepper.X\main.asm
              WAIT_RESUME   0x00002c    program     static C:\Users\xadam\Documents\uni-stuff\business-intelligence\stepper.X\main.asm
              CHECK_SPEED   0x000034    program     static C:\Users\xadam\Documents\uni-stuff\business-intelligence\stepper.X\main.asm
                   SLOWER   0x000042    program     static C:\Users\xadam\Documents\uni-stuff\business-intelligence\stepper.X\main.asm
                   FASTER   0x000048    program     static C:\Users\xadam\Documents\uni-stuff\business-intelligence\stepper.X\main.asm
          PETLA_DO_PRZODU   0x00004e    program     static C:\Users\xadam\Documents\uni-stuff\business-intelligence\stepper.X\main.asm
            PETLA_DO_TYLU   0x0000ca    program     static C:\Users\xadam\Documents\uni-stuff\business-intelligence\stepper.X\main.asm
                    START   0x00014a    program     static C:\Users\xadam\Documents\uni-stuff\business-intelligence\stepper.X\main.asm


